error[E0277]: expected a `FnOnce({integer})` closure, found `unsafe fn(u8) -> NonZeroAndOneU8 {NonZeroAndOneU8}`
  --> $DIR/initializing-ranged-via-ctor.rs:9:34
   |
LL |     println!("{:?}", Some(1).map(NonZeroAndOneU8).unwrap());
   |                              --- ^^^^^^^^^^^^^^^ expected an `FnOnce({integer})` closure, found `unsafe fn(u8) -> NonZeroAndOneU8 {NonZeroAndOneU8}`
   |                              |
   |                              required by a bound introduced by this call
   |
   = help: the trait `FnOnce<({integer},)>` is not implemented for fn item `unsafe fn(u8) -> NonZeroAndOneU8 {NonZeroAndOneU8}`
   = note: unsafe functions do not implement `FnOnce({integer})` and cannot be called generically
note: required by a bound in `Option::<T>::map`
  --> $SRC_DIR/core/src/option.rs:LL:COL

error: aborting due to previous error

For more information about this error, try `rustc --explain E0277`.
