error: higher-ranked subtype error
  --> $DIR/issue-110963-early.rs:14:5
   |
LL | /     spawn(async move {
LL | |         let mut hc = hc;
LL | |         if !hc.check().await {
LL | |             log_health_check_failure().await;
LL | |         }
LL | |     });
   | |______^

error: higher-ranked subtype error
  --> $DIR/issue-110963-early.rs:14:5
   |
LL | /     spawn(async move {
LL | |         let mut hc = hc;
LL | |         if !hc.check().await {
LL | |             log_health_check_failure().await;
LL | |         }
LL | |     });
   | |______^
   |
   = note: duplicate diagnostic emitted due to `-Z deduplicate-diagnostics=no`

error: aborting due to 2 previous errors

