error[E0310]: the parameter type `T` may not live long enough
  --> $DIR/issue_74400.rs:12:5
   |
LL |     f(data, identity)
   |     ^^^^^^^^^^^^^^^^^
   |     |
   |     the parameter type `T` must be valid for the static lifetime...
   |     ...so that the type `T` will meet its required lifetime bounds
   |
help: consider adding an explicit lifetime bound
   |
LL | fn g<T: 'static>(data: &[T]) {
   |       +++++++++

error[E0310]: the parameter type `T` may not live long enough
  --> $DIR/issue_74400.rs:12:5
   |
LL |     f(data, identity)
   |     ^^^^^^^^^^^^^^^^^
   |     |
   |     the parameter type `T` must be valid for the static lifetime...
   |     ...so that the type `T` will meet its required lifetime bounds
   |
   = note: duplicate diagnostic emitted due to `-Z deduplicate-diagnostics=no`
help: consider adding an explicit lifetime bound
   |
LL | fn g<T: 'static>(data: &[T]) {
   |       +++++++++

error[E0310]: the parameter type `T` may not live long enough
  --> $DIR/issue_74400.rs:12:5
   |
LL |     f(data, identity)
   |     ^^^^^^^^^^^^^^^^^
   |     |
   |     the parameter type `T` must be valid for the static lifetime...
   |     ...so that the type `T` will meet its required lifetime bounds
   |
   = note: duplicate diagnostic emitted due to `-Z deduplicate-diagnostics=no`
help: consider adding an explicit lifetime bound
   |
LL | fn g<T: 'static>(data: &[T]) {
   |       +++++++++

error: higher-ranked subtype error
  --> $DIR/issue_74400.rs:12:5
   |
LL |     f(data, identity)
   |     ^^^^^^^^^^^^^^^^^

error: higher-ranked subtype error
  --> $DIR/issue_74400.rs:12:5
   |
LL |     f(data, identity)
   |     ^^^^^^^^^^^^^^^^^
   |
   = note: duplicate diagnostic emitted due to `-Z deduplicate-diagnostics=no`

error: aborting due to 5 previous errors

For more information about this error, try `rustc --explain E0310`.
