error[E0597]: `a` does not live long enough
  --> $DIR/location-insensitive-scopes-issue-117146.rs:10:18
   |
LL |     let a = ();
   |         - binding `a` declared here
LL |     let b = |_| &a;
   |             --- -^
   |             |   ||
   |             |   |borrowed value does not live long enough
   |             |   returning this value requires that `a` is borrowed for `'static`
   |             value captured here
...
LL | }
   | - `a` dropped here while still borrowed
   |
note: due to current limitations in the borrow checker, this implies a `'static` lifetime
  --> $DIR/location-insensitive-scopes-issue-117146.rs:20:22
   |
LL | fn bad<F: Fn(&()) -> &()>(_: F) {}
   |                      ^^^

error: higher-ranked subtype error
  --> $DIR/location-insensitive-scopes-issue-117146.rs:13:5
   |
LL |     bad(&b);
   |     ^^^^^^^

error: higher-ranked subtype error
  --> $DIR/location-insensitive-scopes-issue-117146.rs:13:5
   |
LL |     bad(&b);
   |     ^^^^^^^
   |
   = note: duplicate diagnostic emitted due to `-Z deduplicate-diagnostics=no`

error: aborting due to 3 previous errors

For more information about this error, try `rustc --explain E0597`.
