error: higher-ranked subtype error
  --> $DIR/issue-71955.rs:45:5
   |
LL |     foo(bar, "string", |s| s.len() == 5);
   |     ^^^^^^^^^^^^^^^^^^^^^^^^^^^^^^^^^^^^

error: higher-ranked subtype error
  --> $DIR/issue-71955.rs:45:5
   |
LL |     foo(bar, "string", |s| s.len() == 5);
   |     ^^^^^^^^^^^^^^^^^^^^^^^^^^^^^^^^^^^^
   |
   = note: duplicate diagnostic emitted due to `-Z deduplicate-diagnostics=no`

error: higher-ranked subtype error
  --> $DIR/issue-71955.rs:48:5
   |
LL |     foo(baz, "string", |s| s.0.len() == 5);
   |     ^^^^^^^^^^^^^^^^^^^^^^^^^^^^^^^^^^^^^^

error: higher-ranked subtype error
  --> $DIR/issue-71955.rs:48:5
   |
LL |     foo(baz, "string", |s| s.0.len() == 5);
   |     ^^^^^^^^^^^^^^^^^^^^^^^^^^^^^^^^^^^^^^
   |
   = note: duplicate diagnostic emitted due to `-Z deduplicate-diagnostics=no`

error: aborting due to 4 previous errors

