error: implicit types in closure signatures are forbidden when `for<...>` is present
  --> $DIR/async-closure-with-binder.rs:5:21
   |
LL |     for<'a> async || ();
   |     -------         ^
   |     |
   |     `for<...>` is here

error: aborting due to 1 previous error

